after loading all the dependencies:
Partition of a set of 281795 objects. Total size = 38578160 bytes.
 Index  Count   %     Size   % Cumulative  % Kind (class / dict of class)
     0 105631  37 10953584  28  10953584  28 str
     1  66490  24  6210360  16  17163944  44 tuple
     2    882   0  2738352   7  19902296  52 dict of module
     3   1956   1  2296416   6  22198712  58 dict (no owner)
     4   7884   3  2140144   6  24338856  63 unicode
     5  16103   6  2061184   5  26400040  68 types.CodeType
     6  15852   6  1902240   5  28302280  73 function
     7   1960   1  1839808   5  30142088  78 dict of type
     8   1960   1  1764704   5  31906792  83 type
     9  27472  10   659328   2  32566120  84 int
<614 more rows. Type e.g. '_.more' to view.>



INFO:root:use cluster file, so skip previous steps and jump to cluster_to_genes (in gwas_snps_to_genes)



after loading cluster file in:
Partition of a set of 281825 objects. Total size = 38581992 bytes.
 Index  Count   %     Size   % Cumulative  % Kind (class / dict of class)
     0 105637  37 10953904  28  10953904  28 str
     1  66489  24  6210296  16  17164200  44 tuple
     2    882   0  2738352   7  19902552  52 dict of module
     3   1962   1  2298096   6  22200648  58 dict (no owner)
     4   7885   3  2140200   6  24340848  63 unicode
     5  16103   6  2061184   5  26402032  68 types.CodeType
     6  15851   6  1902120   5  28304152  73 function
     7   1960   1  1839808   5  30143960  78 dict of type
     8   1960   1  1764704   5  31908664  83 type
     9  27474  10   659376   2  32568040  84 int
<619 more rows. Type e.g. '_.more' to view.>



INFO:root:      perform GWAS finemapping for cluster /homes/yalan/yalan/NNRtest/CAD_UKBIOBANK_200728124133/CAD_UKBIOBANK-chr9_clusters/GWAS_Cluster_9:17458027-17458027

in finemap_gwas_cluster, will finemap:
Partition of a set of 281839 objects. Total size = 38584072 bytes.
 Index  Count   %     Size   % Cumulative  % Kind (class / dict of class)
     0 105637  37 10953904  28  10953904  28 str
     1  66489  24  6210296  16  17164200  44 tuple
     2    882   0  2738352   7  19902552  52 dict of module
     3   1962   1  2298096   6  22200648  58 dict (no owner)
     4   7886   3  2140384   6  24341032  63 unicode
     5  16103   6  2061184   5  26402216  68 types.CodeType
     6  15851   6  1902120   5  28304336  73 function
     7   1960   1  1839808   5  30144144  78 dict of type
     8   1960   1  1764704   5  31908848  83 type
     9  27475  10   659400   2  32568248  84 int
<619 more rows. Type e.g. '_.more' to view.>

in finemap_gwas_cluster, after finemap:
Partition of a set of 281895 objects. Total size = 38592968 bytes.
 Index  Count   %     Size   % Cumulative  % Kind (class / dict of class)
     0 105653  37 10955400  28  10955400  28 str
     1  66505  24  6211576  16  17166976  44 tuple
     2    883   0  2741704   7  19908680  52 dict of module
     3   1966   1  2299216   6  22207896  58 dict (no owner)
     4   7886   3  2140384   6  24348280  63 unicode
     5  16106   6  2061568   5  26409848  68 types.CodeType
     6  15854   6  1902480   5  28312328  73 function
     7   1960   1  1839808   5  30152136  78 dict of type
     8   1960   1  1764704   5  31916840  83 type
     9  27481  10   659544   2  32576384  84 int
<620 more rows. Type e.g. '_.more' to view.>



after GWAS finemapping:
Partition of a set of 281892 objects. Total size = 38592112 bytes.
 Index  Count   %     Size   % Cumulative  % Kind (class / dict of class)
     0 105653  37 10955400  28  10955400  28 str
     1  66505  24  6211576  16  17166976  44 tuple
     2    883   0  2741704   7  19908680  52 dict of module
     3   1966   1  2299216   6  22207896  58 dict (no owner)
     4   7886   3  2140384   6  24348280  63 unicode
     5  16106   6  2061568   5  26409848  68 types.CodeType
     6  15854   6  1902480   5  28312328  73 function
     7   1960   1  1839808   5  30152136  78 dict of type
     8   1960   1  1764704   5  31916840  83 type
     9  27480  10   659520   2  32576360  84 int
<620 more rows. Type e.g. '_.more' to view.>



INFO:root:Searching for cis-regulatory data on 1 SNPs in all databases
DEBUG:root:REST JSON Query: http://grch37.rest.ensembl.org/lookup/id/ENSG00000234779?content-type=application/json
DEBUG:urllib3.connectionpool:Starting new HTTP connection (1): grch37.rest.ensembl.org:80
DEBUG:urllib3.connectionpool:http://grch37.rest.ensembl.org:80 "GET /lookup/id/ENSG00000234779?content-type=application/json HTTP/1.1" 200 281
DEBUG:root:Time: 0.039418
DEBUG:root:REST JSON Query: http://grch37.rest.ensembl.org/lookup/id/ENSG00000173068?content-type=application/json
DEBUG:urllib3.connectionpool:Starting new HTTP connection (1): grch37.rest.ensembl.org:80
DEBUG:urllib3.connectionpool:http://grch37.rest.ensembl.org:80 "GET /lookup/id/ENSG00000173068?content-type=application/json HTTP/1.1" 200 361
DEBUG:root:Time: 0.036480
DEBUG:root:REST JSON Query: http://grch37.rest.ensembl.org/lookup/id/ENSG00000044459?content-type=application/json
DEBUG:urllib3.connectionpool:Starting new HTTP connection (1): grch37.rest.ensembl.org:80
DEBUG:urllib3.connectionpool:http://grch37.rest.ensembl.org:80 "GET /lookup/id/ENSG00000044459?content-type=application/json HTTP/1.1" 200 378
DEBUG:root:Time: 0.060769
DEBUG:root:REST JSON Query: http://grch37.rest.ensembl.org/lookup/id/ENSG00000107295?content-type=application/json
DEBUG:urllib3.connectionpool:Starting new HTTP connection (1): grch37.rest.ensembl.org:80
DEBUG:urllib3.connectionpool:http://grch37.rest.ensembl.org:80 "GET /lookup/id/ENSG00000107295?content-type=application/json HTTP/1.1" 200 371
DEBUG:root:Time: 0.063106
DEBUG:root:REST JSON Query: http://grch37.rest.ensembl.org/lookup/id/ENSG00000237153?content-type=application/json
DEBUG:urllib3.connectionpool:Starting new HTTP connection (1): grch37.rest.ensembl.org:80
DEBUG:urllib3.connectionpool:http://grch37.rest.ensembl.org:80 "GET /lookup/id/ENSG00000237153?content-type=application/json HTTP/1.1" 200 280
DEBUG:root:Time: 0.034084
DEBUG:root:REST JSON Query: http://grch37.rest.ensembl.org/lookup/id/ENSG00000228810?content-type=application/json
DEBUG:urllib3.connectionpool:Starting new HTTP connection (1): grch37.rest.ensembl.org:80
DEBUG:urllib3.connectionpool:http://grch37.rest.ensembl.org:80 "GET /lookup/id/ENSG00000228810?content-type=application/json HTTP/1.1" 200 380
DEBUG:root:Time: 0.033042
DEBUG:root:REST JSON Query: http://grch37.rest.ensembl.org/lookup/id/ENSG00000231756?content-type=application/json
DEBUG:urllib3.connectionpool:Starting new HTTP connection (1): grch37.rest.ensembl.org:80
DEBUG:urllib3.connectionpool:http://grch37.rest.ensembl.org:80 "GET /lookup/id/ENSG00000231756?content-type=application/json HTTP/1.1" 200 281
DEBUG:root:Time: 0.057295
INFO:root:      Found 165 genes associated the SNP rs2197153 in GTEx
INFO:root:      Found 165 interactions in GTEx
DEBUG:root:REST JSON Query: http://grch37.rest.ensembl.org/vep/Human/id
DEBUG:urllib3.connectionpool:Starting new HTTP connection (1): grch37.rest.ensembl.org:80
DEBUG:urllib3.connectionpool:http://grch37.rest.ensembl.org:80 "POST /vep/Human/id HTTP/1.1" 200 1515
DEBUG:root:Time: 0.155530
INFO:root:      Found 4 interactions in VEP
INFO:root:      Searching for overlaps from 1 SNPs to Fantom5
INFO:root:      Found 0 overlaps with 1 SNPs to Fantom5
INFO:root:      Found 0 interactions in Fantom5
INFO:root:      Searching for gene associations in DHS
INFO:root:      Found 0 gene associations in DHS
INFO:root:      Searching for gene associations in PCHIC
INFO:root:      Found 8 gene associations in PCHIC
DEBUG:root:Found 1 cis-regulatory interactions in all databases
INFO:root:Searching for regulatory data on 1 SNPs in all databases
INFO:root:      Found 0 regulatory variants in Regulome
DEBUG:root:REST JSON Query: http://grch37.rest.ensembl.org/vep/Human/id
DEBUG:urllib3.connectionpool:Starting new HTTP connection (1): grch37.rest.ensembl.org:80
DEBUG:urllib3.connectionpool:http://grch37.rest.ensembl.org:80 "POST /vep/Human/id HTTP/1.1" 200 1515
DEBUG:root:Time: 0.421122
INFO:root:      Found 1 interactions in VEP
INFO:root:Found 2 regulatory SNPs among 1 in all databases
INFO:root:      Found 3 genes associated



after colocalisation:
Partition of a set of 353047 objects. Total size = 50836424 bytes.
 Index  Count   %     Size   % Cumulative  % Kind (class / dict of class)
     0 133868  38 15997608  31  15997608  31 str
     1  85287  24  7964784  16  23962392  47 tuple
     2   1146   0  3634800   7  27597192  54 dict of module
     3   2692   1  2990560   6  30587752  60 dict (no owner)
     4  21039   6  2692992   5  33280744  65 types.CodeType
     5   7977   2  2458576   5  35739320  70 unicode
     6  20239   6  2428680   5  38168000  75 function
     7   2433   1  2257944   4  40425944  80 dict of type
     8   2433   1  2192256   4  42618200  84 type
     9  27967   8   671208   1  43289408  85 int
<928 more rows. Type e.g. '_.more' to view.>



INFO:root:      Found 3 genes associated to cluster /homes/yalan/yalan/NNRtest/CAD_UKBIOBANK_200728124133/CAD_UKBIOBANK-chr9_clusters/GWAS_Cluster_9:17458027-17458027



after organising the table in output2:
Partition of a set of 353068 objects. Total size = 50838280 bytes.
 Index  Count   %     Size   % Cumulative  % Kind (class / dict of class)
     0 133868  38 15997608  31  15997608  31 str
     1  85287  24  7964784  16  23962392  47 tuple
     2   1146   0  3634800   7  27597192  54 dict of module
     3   2692   1  2990560   6  30587752  60 dict (no owner)
     4  21039   6  2692992   5  33280744  65 types.CodeType
     5   7977   2  2458576   5  35739320  70 unicode
     6  20239   6  2428680   5  38168000  75 function
     7   2433   1  2257944   4  40425944  80 dict of type
     8   2433   1  2192256   4  42618200  84 type
     9  27967   8   671208   1  43289408  85 int
<928 more rows. Type e.g. '_.more' to view.>



DEBUG:root:REST JSON Query: http://rest.ensembl.org/lookup/id/ENSG00000107295?content-type=application/json
DEBUG:urllib3.connectionpool:Starting new HTTP connection (1): rest.ensembl.org:80
DEBUG:urllib3.connectionpool:http://rest.ensembl.org:80 "GET /lookup/id/ENSG00000107295?content-type=application/json HTTP/1.1" 200 416
DEBUG:root:Time: 0.204570
DEBUG:root:REST JSON Query: http://rest.ensembl.org/variation/Human?content-type=application/json
DEBUG:urllib3.connectionpool:Starting new HTTP connection (1): rest.ensembl.org:80
DEBUG:urllib3.connectionpool:http://rest.ensembl.org:80 "POST /variation/Human?content-type=application/json HTTP/1.1" 200 505
DEBUG:root:Time: 0.138625
DEBUG:root:REST JSON Query: http://rest.ensembl.org/lookup/id/ENSG00000044459?content-type=application/json
DEBUG:urllib3.connectionpool:Starting new HTTP connection (1): rest.ensembl.org:80
DEBUG:urllib3.connectionpool:http://rest.ensembl.org:80 "GET /lookup/id/ENSG00000044459?content-type=application/json HTTP/1.1" 200 375
DEBUG:root:Time: 0.150415
DEBUG:root:REST JSON Query: http://rest.ensembl.org/lookup/id/ENSG00000173068?content-type=application/json
DEBUG:urllib3.connectionpool:Starting new HTTP connection (1): rest.ensembl.org:80
DEBUG:urllib3.connectionpool:http://rest.ensembl.org:80 "GET /lookup/id/ENSG00000173068?content-type=application/json HTTP/1.1" 200 379
DEBUG:root:Time: 0.167002



after organising the table in results:
Partition of a set of 353126 objects. Total size = 50843440 bytes.
 Index  Count   %     Size   % Cumulative  % Kind (class / dict of class)
     0 133888  38 15999032  31  15999032  31 str
     1  85299  24  7965760  16  23964792  47 tuple
     2   1146   0  3634800   7  27599592  54 dict of module
     3   2693   1  2990840   6  30590432  60 dict (no owner)
     4  21039   6  2692992   5  33283424  65 types.CodeType
     5   7986   2  2459472   5  35742896  70 unicode
     6  20239   6  2428680   5  38171576  75 function
     7   2433   1  2257944   4  40429520  80 dict of type
     8   2433   1  2192256   4  42621776  84 type
     9  27971   8   671304   1  43293080  85 int
<928 more rows. Type e.g. '_.more' to view.>
